// Jest Snapshot v1, https://goo.gl/fbAQLP

exports[`Testing App component Should match the snapshot 1`] = `
<div
  className="App"
>
  <Switch>
    <Route
      exact={true}
      path="/"
    >
      <Redirect
        to="/home"
      />
    </Route>
    <Route
      component={[Function]}
      path="/profile/"
    />
    <Route
      component={[Function]}
      path="/"
    />
  </Switch>
</div>
`;
