// Jest Snapshot v1, https://goo.gl/fbAQLP

exports[`Testing Nav component Should render the component with user components and state Should match snapshot 1`] = `
<BrowserRouter>
  <Router
    history={
      Object {
        "action": "POP",
        "block": [Function],
        "createHref": [Function],
        "go": [Function],
        "goBack": [Function],
        "goForward": [Function],
        "length": 1,
        "listen": [Function],
        "location": Object {
          "hash": "",
          "pathname": "/",
          "search": "",
          "state": undefined,
        },
        "push": [Function],
        "replace": [Function],
      }
    }
  >
    <Nav
      store={
        Object {
          "clearActions": [Function],
          "dispatch": [Function],
          "getActions": [Function],
          "getState": [Function],
          "replaceReducer": [Function],
          "subscribe": [Function],
        }
      }
    >
      <styled.nav>
        <nav
          className="sc-iqHYGH dtgdtG"
        >
          <StoryTopicHeaders>
            <styled.div>
              <div
                className="sc-hBEYos bytodC"
              >
                <styled.p>
                  <p
                    className="sc-fFubgz jJqmWy"
                  >
                    <span>
                      Friday | 
                    </span>
                    Jan 15, 2021
                  </p>
                </styled.p>
                <styled.div>
                  <div
                    className="sc-fodVxV bDQCfy"
                  >
                    <ResponsiveMenu>
                      <styled.div
                        alt="hamburger menu"
                        onClick={[Function]}
                      >
                        <div
                          alt="hamburger menu"
                          className="sc-kstrdz cEwGfu"
                          onClick={[Function]}
                        >
                          <img
                            alt="hamburger icon"
                            src="hamburger.svg"
                          />
                        </div>
                      </styled.div>
                    </ResponsiveMenu>
                  </div>
                </styled.div>
              </div>
            </styled.div>
          </StoryTopicHeaders>
          <LogoComponent>
            <Styled(Link)
              to="/home"
            >
              <Link
                className="sc-jSgupP iwtquC"
                to="/home"
              >
                <LinkAnchor
                  className="sc-jSgupP iwtquC"
                  href="/home"
                  navigate={[Function]}
                >
                  <a
                    className="sc-jSgupP iwtquC"
                    href="/home"
                    onClick={[Function]}
                  >
                    <img
                      alt="react times logo"
                      onClick={[Function]}
                      style={
                        Object {
                          "height": "16px",
                        }
                      }
                    />
                  </a>
                </LinkAnchor>
              </Link>
            </Styled(Link)>
          </LogoComponent>
          <NavUserImage>
            <styled.div>
              <div
                className="sc-dQppl cYcFwf"
              >
                <styled.button
                  onClick={[Function]}
                >
                  <button
                    className="sc-bqyKva hGnPvf"
                    onClick={[Function]}
                  >
                    <UserImage
                      border="29px"
                      margin="10px"
                    >
                      <styled.picture
                        border="29px"
                        margin="10px"
                      >
                        <picture
                          className="sc-kEjbxe fwsIeO"
                        >
                          <source
                            srcSet="data:image/png;base64,iVBORw0KGgoAAAANSUhEUgAAAZAAAAGQCAYAAACAvzbMAAAACX"
                            type="image/png"
                          />
                          <img
                            alt="avatar"
                            src="data:image/png;base64,iVBORw0KGgoAAAANSUhEUgAAAZAAAAGQCAYAAACAvzbMAAAACX"
                          />
                        </picture>
                      </styled.picture>
                    </UserImage>
                  </button>
                </styled.button>
              </div>
            </styled.div>
          </NavUserImage>
        </nav>
      </styled.nav>
    </Nav>
  </Router>
</BrowserRouter>
`;

exports[`Testing Nav component Testing the component without user components Should match snapshot, width > 900 1`] = `
<styled.nav>
  <Search />
  <LogoComponent />
  <Link
    style={
      Object {
        "textDecoration": "none",
      }
    }
    to="/profile/login"
  >
    <styled.button
      onClick={[Function]}
    >
      Login
    </styled.button>
  </Link>
</styled.nav>
`;
