// Jest Snapshot v1, https://goo.gl/fbAQLP

exports[`Testing TopStories component Should match snapshot 1`] = `
<TopStories
  store={
    Object {
      "clearActions": [Function],
      "dispatch": [Function],
      "getActions": [Function],
      "getState": [Function],
      "replaceReducer": [Function],
      "subscribe": [Function],
    }
  }
>
  <div>
    <StoryTopic>
      <styled.div>
        <div
          className="sc-bdfBwQ irdkqr"
        >
          <h1 />
        </div>
      </styled.div>
    </StoryTopic>
    <styled.div>
      <div
        className="sc-bqyKva qlcSr"
      >
        <styled.div
          key="As Christmas Nears, Virus Experts Look for Lessons From Thanksgiving and more"
        >
          <div
            className="sc-fFubgz jNItrl"
          >
            <img
              alt="story"
              src="https://static01.nyt.com/images/2020/12/19/us/covid-thanksgiving-effect-promo-1608423451574/covid-thanksgiving-effect-promo-1608423451574-thumbLarge.jpg"
            />
            <styled.div>
              <div
                className="sc-hBEYos glIYMt"
              >
                <h1>
                  <styled.span>
                    <span
                      className="sc-bkzZxe gqlPyH"
                    >
                      us
                    </span>
                  </styled.span>
                </h1>
                <styled.p
                  margin="10px"
                  width="30%"
                >
                  <p
                    className="sc-jSgupP dOuuEj"
                    width="30%"
                  >
                    Dec 20, 2020
                  </p>
                </styled.p>
              </div>
            </styled.div>
            <styled.h1
              header={
                Array [
                  "As",
                  "Christmas",
                  "Nears,",
                  "Virus",
                  "Experts",
                  "Look",
                  "for",
                  "Lessons",
                  "From",
                  "Thanksgiving",
                  "and",
                  "more",
                ]
              }
            >
              <h1
                className="sc-fodVxV eFKYnJ"
              >
                As Christmas Nears, Virus Experts Look for Lessons From Thanksgiving and more
              </h1>
            </styled.h1>
            <styled.h3>
              <h3
                className="sc-kstrdz jBWhz"
              >
                Public health experts warned that large holiday gatherings would spread the coronavirus broadly. Weeks later, the data is complicated.
                ...
              </h3>
            </styled.h3>
            <styled.a
              href="https://www.nytimes.com/interactive/2020/12/20/us/covid-thanksgiving-effect.html"
              rel="noopener"
              target="_blank"
            >
              <a
                className="sc-dQppl kVEvIS"
                href="https://www.nytimes.com/interactive/2020/12/20/us/covid-thanksgiving-effect.html"
                rel="noopener"
                target="_blank"
              >
                Continue Reading
              </a>
            </styled.a>
          </div>
        </styled.div>
      </div>
    </styled.div>
  </div>
</TopStories>
`;
